node : Debugger 
listening on ws://127.0
.0.1:50594/fc88f013-396
b-4ee0-9231-4fab7a441df
4
At line:1 char:1
+ node test-auth.js > 
test_output.txt 2>&1
+ ~~~~~~~~~~~~~~~~~~~~~
~~~~~~~~~~~~~~~~~~~
    + CategoryInfo     
         : NotSpecifi  
  ed: (Debugger list   
 en...31-4fab7a441d    
f4:String) [], Rem    
oteException
    + FullyQualifiedEr 
   rorId : NativeComm  
  andError
 
For help, see: https://
nodejs.org/en/docs/insp
ector
Debugger attached.
--- Bß║»t ─æß║ºu Test Auth ---

[1] ─Éang test ─É─âng k├╜ cho email: testuser_1773726959109@example.com...
